Copyright 1986-2018 Xilinx, Inc. All Rights Reserved.
------------------------------------------------------------------------------------------
| Tool Version : Vivado v.2018.2 (win64) Build 2258646 Thu Jun 14 20:03:12 MDT 2018
| Date         : Thu Oct 26 16:33:16 2023
| Host         : MSI running 64-bit major release  (build 9200)
| Command      : report_control_sets -verbose -file Brick_Breaker_control_sets_placed.rpt
| Design       : Brick_Breaker
| Device       : xc7a35t
------------------------------------------------------------------------------------------

Control Set Information

Table of Contents
-----------------
1. Summary
2. Histogram
3. Flip-Flop Distribution
4. Detailed Control Set Information

1. Summary
----------

+----------------------------------------------------------+-------+
|                          Status                          | Count |
+----------------------------------------------------------+-------+
| Number of unique control sets                            |    20 |
| Unused register locations in slices containing registers |    38 |
+----------------------------------------------------------+-------+


2. Histogram
------------

+--------+--------------+
| Fanout | Control Sets |
+--------+--------------+
|      2 |            1 |
|      8 |            3 |
|     14 |            1 |
|    16+ |           15 |
+--------+--------------+


3. Flip-Flop Distribution
-------------------------

+--------------+-----------------------+------------------------+-----------------+--------------+
| Clock Enable | Synchronous Set/Reset | Asynchronous Set/Reset | Total Registers | Total Slices |
+--------------+-----------------------+------------------------+-----------------+--------------+
| No           | No                    | No                     |             198 |           39 |
| No           | No                    | Yes                    |               0 |            0 |
| No           | Yes                   | No                     |             240 |           36 |
| Yes          | No                    | No                     |             220 |           32 |
| Yes          | No                    | Yes                    |               0 |            0 |
| Yes          | Yes                   | No                     |              72 |           13 |
+--------------+-----------------------+------------------------+-----------------+--------------+


4. Detailed Control Set Information
-----------------------------------

+-----------------+------------------------------------------------------+------------------------------------------------------+------------------+----------------+
|   Clock Signal  |                     Enable Signal                    |                   Set/Reset Signal                   | Slice Load Count | Bel Load Count |
+-----------------+------------------------------------------------------+------------------------------------------------------+------------------+----------------+
| ~CLK_6P25M_BUFG |                                                      |                                                      |                1 |              2 |
|  CLK_IBUF_BUFG  |                                                      | mouse/Inst_Ps2Interface/data_inter0                  |                1 |              8 |
|  CLK_IBUF_BUFG  |                                                      | mouse/Inst_Ps2Interface/clk_inter0                   |                1 |              8 |
|  CLK_IBUF_BUFG  | mouse/Inst_Ps2Interface/shift_frame                  | mouse/Inst_Ps2Interface/reset_bit_count              |                2 |              8 |
|  CLK_IBUF_BUFG  | mouse/Inst_Ps2Interface/delay_63clk_count[6]_i_2_n_0 | mouse/Inst_Ps2Interface/delay_63clk_count[6]_i_1_n_0 |                3 |             14 |
|  CLK_IBUF_BUFG  | mouse/Inst_Ps2Interface/load_rx_data                 |                                                      |                3 |             16 |
|  CLK_IBUF_BUFG  | mouse/Inst_Ps2Interface/x_inc_reg[0]                 |                                                      |                1 |             16 |
|  CLK_IBUF_BUFG  | mouse/tx_data0                                       |                                                      |                4 |             16 |
|  CLK_IBUF_BUFG  | mouse/Inst_Ps2Interface/frame[9]_i_1_n_0             |                                                      |                2 |             20 |
|  CLK_IBUF_BUFG  | mouse/Inst_Ps2Interface/delay_20us_count[10]_i_2_n_0 | mouse/Inst_Ps2Interface/delay_20us_count[10]_i_1_n_0 |                4 |             22 |
|  CLK_IBUF_BUFG  | mouse/x_new_reg_n_0                                  |                                                      |                4 |             24 |
|  CLK_IBUF_BUFG  | mouse/E[0]                                           |                                                      |                4 |             24 |
|  CLK_IBUF_BUFG  | mouse/Inst_Ps2Interface/delay_100us_count[0]_i_2_n_0 | mouse/Inst_Ps2Interface/clear                        |                4 |             28 |
| ~CLK_6P25M_BUFG |                                                      | oled/frame_counter[16]_i_1_n_0                       |                5 |             34 |
| ~CLK_6P25M_BUFG | oled/delay[0]_i_1_n_0                                |                                                      |                5 |             40 |
|  CLK_IBUF_BUFG  |                                                      | mouse/reset_timeout_cnt_reg_n_0                      |                8 |             48 |
|  CLK_IBUF_BUFG  |                                                      | mouse/reset_periodic_check_cnt__0                    |                6 |             52 |
| ~CLK_6P25M_BUFG | oled/FSM_onehot_state[31]_i_1__0_n_0                 |                                                      |                9 |             64 |
| ~CLK_6P25M_BUFG |                                                      | oled/spi_word[39]_i_1_n_0                            |               15 |             90 |
|  CLK_IBUF_BUFG  |                                                      |                                                      |               38 |            196 |
+-----------------+------------------------------------------------------+------------------------------------------------------+------------------+----------------+


